2026-04-10 00:24:00,727	INFO worker.py:2013 -- Started a local Ray instance.
/home/supawich/Desktop/carla_sac_ros2_training/venv/lib/python3.12/site-packages/ray/_private/worker.py:2052: FutureWarning: Tip: In future versions of Ray, Ray will no longer override accelerator visible devices env var if num_gpus=0 or num_gpus=None (default). To enable this behavior and turn off this error message, set RAY_ACCEL_ENV_VAR_OVERRIDE_ON_ZERO=0
  warnings.warn(
2026-04-10 00:24:01,285	WARNING train.py:71 -- DeprecationWarning: `build` has been deprecated. Use `AlgorithmConfig.build_algo` instead. This will raise an error in the future!
2026-04-10 00:24:01,286	WARNING algorithm_config.py:5131 -- You are running SAC on the new API stack! This is the new default behavior for this algorithm. If you don't want to use the new API stack, set `config.api_stack(enable_rl_module_and_learner=False,enable_env_runner_and_connector_v2=False)`. For a detailed migration guide, see here: https://docs.ray.io/en/master/rllib/new-api-stack-migration-guide.html
Loaded custom config from config/sac_config.yaml
Traceback (most recent call last):
  File "/home/supawich/Desktop/carla_sac_ros2_training/src/sac_trainer/train.py", line 210, in <module>
    train_sac(args.config)
  File "/home/supawich/Desktop/carla_sac_ros2_training/src/sac_trainer/train.py", line 71, in train_sac
    algo = sac_config.build()
           ^^^^^^^^^^^^^^^^^^
  File "/home/supawich/Desktop/carla_sac_ros2_training/venv/lib/python3.12/site-packages/ray/_common/deprecation.py", line 169, in _ctor
    return obj(*args, **kwargs)
           ^^^^^^^^^^^^^^^^^^^^
  File "/home/supawich/Desktop/carla_sac_ros2_training/venv/lib/python3.12/site-packages/ray/rllib/algorithms/algorithm_config.py", line 5906, in build
    return self.build_algo(*args, **kwargs)
           ^^^^^^^^^^^^^^^^^^^^^^^^^^^^^^^^
  File "/home/supawich/Desktop/carla_sac_ros2_training/venv/lib/python3.12/site-packages/ray/rllib/algorithms/algorithm_config.py", line 1007, in build_algo
    return algo_class(
           ^^^^^^^^^^^
  File "/home/supawich/Desktop/carla_sac_ros2_training/venv/lib/python3.12/site-packages/ray/rllib/algorithms/sac/sac.py", line 574, in __init__
    super().__init__(*args, **kwargs)
  File "/home/supawich/Desktop/carla_sac_ros2_training/venv/lib/python3.12/site-packages/ray/rllib/algorithms/algorithm.py", line 469, in __init__
    config.validate()
  File "/home/supawich/Desktop/carla_sac_ros2_training/venv/lib/python3.12/site-packages/ray/rllib/algorithms/sac/sac.py", line 457, in validate
    raise ValueError(
ValueError: When using the new `EnvRunner API` the replay buffer must be of type `EpisodeReplayBuffer`.
