2026-04-24 17:37:36,901	INFO worker.py:2013 -- Started a local Ray instance.
/home/supawich/Desktop/carla_sac_ros2_training/venv/lib/python3.12/site-packages/ray/_private/worker.py:2052: FutureWarning: Tip: In future versions of Ray, Ray will no longer override accelerator visible devices env var if num_gpus=0 or num_gpus=None (default). To enable this behavior and turn off this error message, set RAY_ACCEL_ENV_VAR_OVERRIDE_ON_ZERO=0
  warnings.warn(
2026-04-24 17:37:37,391	WARNING inference_show.py:138 -- DeprecationWarning: `build` has been deprecated. Use `AlgorithmConfig.build_algo` instead. This will raise an error in the future!
[inference] Loading checkpoint from: checkpoints/gt
Traceback (most recent call last):
  File "/home/supawich/Desktop/carla_sac_ros2_training/scripts/inference_show.py", line 202, in <module>
    main()
  File "/home/supawich/Desktop/carla_sac_ros2_training/scripts/inference_show.py", line 138, in main
    algo = sac.build()
           ^^^^^^^^^^^
  File "/home/supawich/Desktop/carla_sac_ros2_training/venv/lib/python3.12/site-packages/ray/_common/deprecation.py", line 169, in _ctor
    return obj(*args, **kwargs)
           ^^^^^^^^^^^^^^^^^^^^
  File "/home/supawich/Desktop/carla_sac_ros2_training/venv/lib/python3.12/site-packages/ray/rllib/algorithms/algorithm_config.py", line 5906, in build
    return self.build_algo(*args, **kwargs)
           ^^^^^^^^^^^^^^^^^^^^^^^^^^^^^^^^
  File "/home/supawich/Desktop/carla_sac_ros2_training/venv/lib/python3.12/site-packages/ray/rllib/algorithms/algorithm_config.py", line 1007, in build_algo
    return algo_class(
           ^^^^^^^^^^^
  File "/home/supawich/Desktop/carla_sac_ros2_training/venv/lib/python3.12/site-packages/ray/rllib/algorithms/sac/sac.py", line 574, in __init__
    super().__init__(*args, **kwargs)
  File "/home/supawich/Desktop/carla_sac_ros2_training/venv/lib/python3.12/site-packages/ray/rllib/algorithms/algorithm.py", line 469, in __init__
    config.validate()
  File "/home/supawich/Desktop/carla_sac_ros2_training/venv/lib/python3.12/site-packages/ray/rllib/algorithms/sac/sac.py", line 471, in validate
    raise ValueError(
ValueError: When using the old API stack the replay buffer must not be of type `EpisodeReplayBuffer`! We suggest you use the following config to run SAC on the old API stack: `config.training(replay_buffer_config={'type': 'MultiAgentPrioritizedReplayBuffer', 'prioritized_replay_alpha': [alpha], 'prioritized_replay_beta': [beta], 'prioritized_replay_eps': [eps], })`.
