nohup: ignoring input
2026-05-02 02:03:50,374	INFO worker.py:2013 -- Started a local Ray instance.
/home/supawich/Desktop/carla_sac_ros2_training/venv/lib/python3.12/site-packages/ray/_private/worker.py:2052: FutureWarning: Tip: In future versions of Ray, Ray will no longer override accelerator visible devices env var if num_gpus=0 or num_gpus=None (default). To enable this behavior and turn off this error message, set RAY_ACCEL_ENV_VAR_OVERRIDE_ON_ZERO=0
  warnings.warn(
/home/supawich/Desktop/carla_sac_ros2_training/venv/lib/python3.12/site-packages/mlflow/tracking/_tracking_service/utils.py:184: FutureWarning: The filesystem tracking backend (e.g., './mlruns') is deprecated as of February 2026. Consider transitioning to a database backend (e.g., 'sqlite:///mlflow.db') to take advantage of the latest MLflow features. See https://mlflow.org/docs/latest/self-hosting/migrate-from-file-store for migration guidance.
  return FileStore(store_uri, store_uri)
2026-05-02 02:03:50,980	WARNING train_rllib_gt.py:215 -- DeprecationWarning: `build` has been deprecated. Use `AlgorithmConfig.build_algo` instead. This will raise an error in the future!
/home/supawich/Desktop/carla_sac_ros2_training/venv/lib/python3.12/site-packages/ray/rllib/algorithms/algorithm.py:527: RayDeprecationWarning: This API is deprecated and may be removed in future Ray releases. You could suppress this warning by setting env variable PYTHONWARNINGS="ignore::DeprecationWarning"
`UnifiedLogger` will be removed in Ray 2.7.
  return UnifiedLogger(config, logdir, loggers=None)
/home/supawich/Desktop/carla_sac_ros2_training/venv/lib/python3.12/site-packages/ray/tune/logger/unified.py:53: RayDeprecationWarning: This API is deprecated and may be removed in future Ray releases. You could suppress this warning by setting env variable PYTHONWARNINGS="ignore::DeprecationWarning"
The `JsonLogger interface is deprecated in favor of the `ray.tune.json.JsonLoggerCallback` interface and will be removed in Ray 2.7.
  self._loggers.append(cls(self.config, self.logdir, self.trial))
/home/supawich/Desktop/carla_sac_ros2_training/venv/lib/python3.12/site-packages/ray/tune/logger/unified.py:53: RayDeprecationWarning: This API is deprecated and may be removed in future Ray releases. You could suppress this warning by setting env variable PYTHONWARNINGS="ignore::DeprecationWarning"
The `CSVLogger interface is deprecated in favor of the `ray.tune.csv.CSVLoggerCallback` interface and will be removed in Ray 2.7.
  self._loggers.append(cls(self.config, self.logdir, self.trial))
/home/supawich/Desktop/carla_sac_ros2_training/venv/lib/python3.12/site-packages/ray/tune/logger/unified.py:53: RayDeprecationWarning: This API is deprecated and may be removed in future Ray releases. You could suppress this warning by setting env variable PYTHONWARNINGS="ignore::DeprecationWarning"
The `TBXLogger interface is deprecated in favor of the `ray.tune.tensorboardx.TBXLoggerCallback` interface and will be removed in Ray 2.7.
  self._loggers.append(cls(self.config, self.logdir, self.trial))
[2026-05-02 02:03:51,040 E 33967 33967] core_worker.cc:2232: Actor with class name: 'RolloutWorker' and ID: '12cb2f1bbdcbbeaf92c3be5a01000000' has constructor arguments in the object store and max_restarts > 0. If the arguments in the object store go out of scope or are lost, the actor restart will fail. See https://github.com/ray-project/ray/issues/53727 for more details.
[36m(RolloutWorker pid=34334)[0m /home/supawich/Desktop/carla_sac_ros2_training/venv/lib/python3.12/site-packages/gymnasium/spaces/box.py:231: UserWarning: [33mWARN: Box low's precision lowered by casting to float32, current low.dtype=float64[0m
[36m(RolloutWorker pid=34334)[0m   gym.logger.warn(
[36m(RolloutWorker pid=34334)[0m /home/supawich/Desktop/carla_sac_ros2_training/venv/lib/python3.12/site-packages/gymnasium/spaces/box.py:297: UserWarning: [33mWARN: Box high's precision lowered by casting to float32, current high.dtype=float64[0m
[36m(RolloutWorker pid=34334)[0m   gym.logger.warn(
/home/supawich/Desktop/carla_sac_ros2_training/venv/lib/python3.12/site-packages/gymnasium/spaces/box.py:231: UserWarning: [33mWARN: Box low's precision lowered by casting to float32, current low.dtype=float64[0m
  gym.logger.warn(
/home/supawich/Desktop/carla_sac_ros2_training/venv/lib/python3.12/site-packages/gymnasium/spaces/box.py:297: UserWarning: [33mWARN: Box high's precision lowered by casting to float32, current high.dtype=float64[0m
  gym.logger.warn(
2026-05-02 02:04:06,810	INFO trainable.py:161 -- Trainable.setup took 15.821 seconds. If your trainable is slow to initialize, consider setting reuse_actors=True to reduce actor creation overheads.
2026-05-02 02:04:06,810	WARNING util.py:62 -- Install gputil for GPU system monitoring.
2026-05-02 02:04:06,883	INFO trainable.py:578 -- Restored on 192.168.110.31 from checkpoint: Checkpoint(filesystem=local, path=/home/supawich/Desktop/carla_sac_ros2_training/checkpoints/gt)
[36m(RolloutWorker pid=34334)[0m ERROR: failed to destroy actor 47 : unable to destroy actor: not found 
2026-05-02 02:04:07,026	WARNING train_ops.py:114 -- DeprecationWarning: `ray.rllib.execution.train_ops.multi_gpu_train_one_step` has been deprecated. This will raise an error in the future!
[36m(RolloutWorker pid=34334)[0m ERROR: failed to destroy actor 3083 : unable to destroy actor: not found 
[36m(RolloutWorker pid=34334)[0m ERROR: failed to destroy actor 3182 : unable to destroy actor: not found 
[36m(RolloutWorker pid=34334)[0m ERROR: failed to destroy actor 3329 : unable to destroy actor: not found 
[36m(RolloutWorker pid=34334)[0m ERROR: failed to destroy actor 4681 : unable to destroy actor: not found 
[36m(RolloutWorker pid=34334)[0m ERROR: failed to destroy actor 4747 : unable to destroy actor: not found 
[36m(RolloutWorker pid=34334)[0m ERROR: failed to destroy actor 5267 : unable to destroy actor: not found 
[36m(RolloutWorker pid=34334)[0m ERROR: failed to destroy actor 5919 : unable to destroy actor: not found 
[36m(RolloutWorker pid=34334)[0m ERROR: failed to destroy actor 6115 : unable to destroy actor: not found 
[36m(RolloutWorker pid=34334)[0m WARNING: attempting to destroy an actor that is already dead: Actor 6377 (controller.ai.walker) 
[36m(RolloutWorker pid=34334)[0m ERROR: failed to destroy actor 6573 : unable to destroy actor: not found 
[36m(RolloutWorker pid=34334)[0m ERROR: failed to destroy actor 7028 : unable to destroy actor: not found 
[36m(RolloutWorker pid=34334)[0m ERROR: failed to destroy actor 7094 : unable to destroy actor: not found 
[36m(RolloutWorker pid=34334)[0m ERROR: failed to destroy actor 7420 : unable to destroy actor: not found 
[36m(RolloutWorker pid=34334)[0m ERROR: failed to destroy actor 7486 : unable to destroy actor: not found 
[36m(RolloutWorker pid=34334)[0m ERROR: failed to destroy actor 8269 : unable to destroy actor: not found 
[36m(RolloutWorker pid=34334)[0m ERROR: failed to destroy actor 8335 : unable to destroy actor: not found 
[36m(RolloutWorker pid=34334)[0m ERROR: failed to destroy actor 8662 : unable to destroy actor: not found 
[36m(RolloutWorker pid=34334)[0m ERROR: failed to destroy actor 9708 : unable to destroy actor: not found 
[36m(RolloutWorker pid=34334)[0m ERROR: failed to destroy actor 10037 : unable to destroy actor: not found 
[36m(RolloutWorker pid=34334)[0m ERROR: failed to destroy actor 10168 : unable to destroy actor: not found 
[36m(RolloutWorker pid=34334)[0m ERROR: failed to destroy actor 10299 : unable to destroy actor: not found 
[36m(RolloutWorker pid=34334)[0m ERROR: failed to destroy actor 10821 : unable to destroy actor: not found 
[36m(RolloutWorker pid=34334)[0m ERROR: failed to destroy actor 11273 : unable to destroy actor: not found 
[36m(RolloutWorker pid=34334)[0m WARNING: attempting to destroy an actor that is already dead: Actor 11791 (controller.ai.walker) 
[36m(RolloutWorker pid=34334)[0m ERROR: failed to destroy actor 11922 : unable to destroy actor: not found 
[36m(RolloutWorker pid=34334)[0m ERROR: failed to destroy actor 12446 : unable to destroy actor: not found 
[36m(RolloutWorker pid=34334)[0m ERROR: failed to destroy actor 12577 : unable to destroy actor: not found 
[36m(RolloutWorker pid=34334)[0m ERROR: failed to destroy actor 12643 : unable to destroy actor: not found 
[36m(RolloutWorker pid=34334)[0m ERROR: failed to destroy actor 12839 : unable to destroy actor: not found 
[36m(RolloutWorker pid=34334)[0m ERROR: failed to destroy actor 12905 : unable to destroy actor: not found 
[36m(RolloutWorker pid=34334)[0m ERROR: failed to destroy actor 12971 : unable to destroy actor: not found 
[36m(RolloutWorker pid=34334)[0m ERROR: failed to destroy actor 13037 : unable to destroy actor: not found 
[36m(RolloutWorker pid=34334)[0m ERROR: failed to destroy actor 14280 : unable to destroy actor: not found 
[36m(RolloutWorker pid=34334)[0m WARNING: attempting to destroy an actor that is already dead: Actor 14346 (controller.ai.walker) 
[36m(RolloutWorker pid=34334)[0m ERROR: failed to destroy actor 15320 : unable to destroy actor: not found 
[36m(RolloutWorker pid=34334)[0m ERROR: failed to destroy actor 16168 : unable to destroy actor: not found 
[36m(RolloutWorker pid=34334)[0m ERROR: failed to destroy actor 16431 : unable to destroy actor: not found 
[36m(RolloutWorker pid=34334)[0m ERROR: failed to destroy actor 16951 : unable to destroy actor: not found 
[36m(RolloutWorker pid=34334)[0m ERROR: failed to destroy actor 17733 : unable to destroy actor: not found 
[36m(RolloutWorker pid=34334)[0m ERROR: failed to destroy actor 17864 : unable to destroy actor: not found 
[36m(RolloutWorker pid=34334)[0m ERROR: failed to destroy actor 17930 : unable to destroy actor: not found 
[36m(RolloutWorker pid=34334)[0m ERROR: failed to destroy actor 18194 : unable to destroy actor: not found 
[36m(RolloutWorker pid=34334)[0m ERROR: failed to destroy actor 18391 : unable to destroy actor: not found 
[36m(RolloutWorker pid=34334)[0m ERROR: failed to destroy actor 18653 : unable to destroy actor: not found 
[36m(RolloutWorker pid=34334)[0m ERROR: failed to destroy actor 18784 : unable to destroy actor: not found 
[36m(RolloutWorker pid=34334)[0m ERROR: failed to destroy actor 19306 : unable to destroy actor: not found 
[36m(RolloutWorker pid=34334)[0m ERROR: failed to destroy actor 19505 : unable to destroy actor: not found 
[36m(RolloutWorker pid=34334)[0m ERROR: failed to destroy actor 19571 : unable to destroy actor: not found 
[36m(RolloutWorker pid=34334)[0m ERROR: failed to destroy actor 19769 : unable to destroy actor: not found 
[36m(RolloutWorker pid=34334)[0m ERROR: failed to destroy actor 20163 : unable to destroy actor: not found 
[36m(RolloutWorker pid=34334)[0m ERROR: failed to destroy actor 20552 : unable to destroy actor: not found 
[36m(RolloutWorker pid=34334)[0m ERROR: failed to destroy actor 21466 : unable to destroy actor: not found 
[36m(RolloutWorker pid=34334)[0m ERROR: failed to destroy actor 21532 : unable to destroy actor: not found 
[36m(RolloutWorker pid=34334)[0m ERROR: failed to destroy actor 21727 : unable to destroy actor: not found 
[36m(RolloutWorker pid=34334)[0m ERROR: failed to destroy actor 21860 : unable to destroy actor: not found 
[36m(RolloutWorker pid=34334)[0m ERROR: failed to destroy actor 22251 : unable to destroy actor: not found 
[36m(RolloutWorker pid=34334)[0m ERROR: failed to destroy actor 22384 : unable to destroy actor: not found 
[36m(RolloutWorker pid=34334)[0m ERROR: failed to destroy actor 22515 : unable to destroy actor: not found 
[36m(RolloutWorker pid=34334)[0m ERROR: failed to destroy actor 23103 : unable to destroy actor: not found 
[36m(RolloutWorker pid=34334)[0m ERROR: failed to destroy actor 23301 : unable to destroy actor: not found 
[36m(RolloutWorker pid=34334)[0m ERROR: failed to destroy actor 23562 : unable to destroy actor: not found 
[36m(RolloutWorker pid=34334)[0m ERROR: failed to destroy actor 23692 : unable to destroy actor: not found 
[36m(RolloutWorker pid=34334)[0m ERROR: failed to destroy actor 24472 : unable to destroy actor: not found 
[36m(RolloutWorker pid=34334)[0m ERROR: failed to destroy actor 24995 : unable to destroy actor: not found 
[36m(RolloutWorker pid=34334)[0m ERROR: failed to destroy actor 25712 : unable to destroy actor: not found 
[36m(RolloutWorker pid=34334)[0m ERROR: failed to destroy actor 25907 : unable to destroy actor: not found 
[36m(RolloutWorker pid=34334)[0m ERROR: failed to destroy actor 25973 : unable to destroy actor: not found 
[36m(RolloutWorker pid=34334)[0m ERROR: failed to destroy actor 26104 : unable to destroy actor: not found 
[36m(RolloutWorker pid=34334)[0m ERROR: failed to destroy actor 26170 : unable to destroy actor: not found 
[36m(RolloutWorker pid=34334)[0m ERROR: failed to destroy actor 26365 : unable to destroy actor: not found 
[36m(RolloutWorker pid=34334)[0m ERROR: failed to destroy actor 26757 : unable to destroy actor: not found 
[36m(RolloutWorker pid=34334)[0m ERROR: failed to destroy actor 26952 : unable to destroy actor: not found 
[36m(RolloutWorker pid=34334)[0m ERROR: failed to destroy actor 27018 : unable to destroy actor: not found 
[36m(RolloutWorker pid=34334)[0m ERROR: failed to destroy actor 28586 : unable to destroy actor: not found 
[36m(RolloutWorker pid=34334)[0m ERROR: failed to destroy actor 28652 : unable to destroy actor: not found 
[36m(RolloutWorker pid=34334)[0m ERROR: failed to destroy actor 28913 : unable to destroy actor: not found 
[36m(RolloutWorker pid=34334)[0m ERROR: failed to destroy actor 29956 : unable to destroy actor: not found 
[36m(RolloutWorker pid=34334)[0m ERROR: failed to destroy actor 30087 : unable to destroy actor: not found 
[36m(RolloutWorker pid=34334)[0m ERROR: failed to destroy actor 30484 : unable to destroy actor: not found 
[36m(RolloutWorker pid=34334)[0m ERROR: failed to destroy actor 30745 : unable to destroy actor: not found 
[36m(RolloutWorker pid=34334)[0m ERROR: failed to destroy actor 30811 : unable to destroy actor: not found 
[36m(RolloutWorker pid=34334)[0m ERROR: failed to destroy actor 31136 : unable to destroy actor: not found 
[36m(RolloutWorker pid=34334)[0m ERROR: failed to destroy actor 31592 : unable to destroy actor: not found 
[36m(RolloutWorker pid=34334)[0m ERROR: failed to destroy actor 31658 : unable to destroy actor: not found 
[36m(RolloutWorker pid=34334)[0m ERROR: failed to destroy actor 32115 : unable to destroy actor: not found 
[36m(RolloutWorker pid=34334)[0m ERROR: failed to destroy actor 32509 : unable to destroy actor: not found 
[36m(RolloutWorker pid=34334)[0m ERROR: failed to destroy actor 32772 : unable to destroy actor: not found 
[36m(RolloutWorker pid=34334)[0m ERROR: failed to destroy actor 32838 : unable to destroy actor: not found 
[36m(RolloutWorker pid=34334)[0m ERROR: failed to destroy actor 33234 : unable to destroy actor: not found 
[36m(RolloutWorker pid=34334)[0m ERROR: failed to destroy actor 33364 : unable to destroy actor: not found 
[36m(RolloutWorker pid=34334)[0m ERROR: failed to destroy actor 33624 : unable to destroy actor: not found 
[36m(RolloutWorker pid=34334)[0m ERROR: failed to destroy actor 34666 : unable to destroy actor: not found 
[36m(RolloutWorker pid=34334)[0m ERROR: failed to destroy actor 34732 : unable to destroy actor: not found 
[36m(RolloutWorker pid=34334)[0m WARNING: attempting to destroy an actor that is already dead: Actor 34927 (controller.ai.walker) 
[36m(RolloutWorker pid=34334)[0m ERROR: failed to destroy actor 35058 : unable to destroy actor: not found 
[36m(RolloutWorker pid=34334)[0m ERROR: failed to destroy actor 35255 : unable to destroy actor: not found 
[36m(RolloutWorker pid=34334)[0m ERROR: failed to destroy actor 35642 : unable to destroy actor: not found 
[36m(RolloutWorker pid=34334)[0m ERROR: failed to destroy actor 36163 : unable to destroy actor: not found 
[36m(RolloutWorker pid=34334)[0m ERROR: failed to destroy actor 36554 : unable to destroy actor: not found 
[36m(RolloutWorker pid=34334)[0m ERROR: failed to destroy actor 37529 : unable to destroy actor: not found 
[36m(RolloutWorker pid=34334)[0m ERROR: failed to destroy actor 37987 : unable to destroy actor: not found 
[36m(RolloutWorker pid=34334)[0m ERROR: failed to destroy actor 38773 : unable to destroy actor: not found 
[36m(RolloutWorker pid=34334)[0m ERROR: failed to destroy actor 38839 : unable to destroy actor: not found 
[36m(RolloutWorker pid=34334)[0m ERROR: failed to destroy actor 39167 : unable to destroy actor: not found 
[36m(RolloutWorker pid=34334)[0m ERROR: failed to destroy actor 39627 : unable to destroy actor: not found 
[36m(RolloutWorker pid=34334)[0m ERROR: failed to destroy actor 39888 : unable to destroy actor: not found 
[36m(RolloutWorker pid=34334)[0m ERROR: failed to destroy actor 40149 : unable to destroy actor: not found 
[36m(RolloutWorker pid=34334)[0m ERROR: failed to destroy actor 40993 : unable to destroy actor: not found 
[36m(RolloutWorker pid=34334)[0m ERROR: failed to destroy actor 41317 : unable to destroy actor: not found 
[36m(RolloutWorker pid=34334)[0m ERROR: failed to destroy actor 41772 : unable to destroy actor: not found 
[36m(RolloutWorker pid=34334)[0m ERROR: failed to destroy actor 41838 : unable to destroy actor: not found 
[36m(RolloutWorker pid=34334)[0m ERROR: failed to destroy actor 42620 : unable to destroy actor: not found 
[36m(RolloutWorker pid=34334)[0m ERROR: failed to destroy actor 43465 : unable to destroy actor: not found 
[36m(RolloutWorker pid=34334)[0m ERROR: failed to destroy actor 43595 : unable to destroy actor: not found 
[36m(RolloutWorker pid=34334)[0m ERROR: failed to destroy actor 43661 : unable to destroy actor: not found 
[36m(RolloutWorker pid=34334)[0m ERROR: failed to destroy actor 43991 : unable to destroy actor: not found 
[36m(RolloutWorker pid=34334)[0m ERROR: failed to destroy actor 44380 : unable to destroy actor: not found 
[36m(RolloutWorker pid=34334)[0m ERROR: failed to destroy actor 44576 : unable to destroy actor: not found 
[36m(RolloutWorker pid=34334)[0m ERROR: failed to destroy actor 44642 : unable to destroy actor: not found 
[36m(RolloutWorker pid=34334)[0m ERROR: failed to destroy actor 45033 : unable to destroy actor: not found 
[36m(RolloutWorker pid=34334)[0m ERROR: failed to destroy actor 45099 : unable to destroy actor: not found 
[36m(RolloutWorker pid=34334)[0m ERROR: failed to destroy actor 45232 : unable to destroy actor: not found 
[36m(RolloutWorker pid=34334)[0m ERROR: failed to destroy actor 45946 : unable to destroy actor: not found 
[36m(RolloutWorker pid=34334)[0m ERROR: failed to destroy actor 46206 : unable to destroy actor: not found 
[36m(RolloutWorker pid=34334)[0m ERROR: failed to destroy actor 46663 : unable to destroy actor: not found 
[36m(RolloutWorker pid=34334)[0m ERROR: failed to destroy actor 46795 : unable to destroy actor: not found 
[36m(RolloutWorker pid=34334)[0m ERROR: failed to destroy actor 46861 : unable to destroy actor: not found 
[36m(RolloutWorker pid=34334)[0m ERROR: failed to destroy actor 46991 : unable to destroy actor: not found 
[36m(RolloutWorker pid=34334)[0m ERROR: failed to destroy actor 47317 : unable to destroy actor: not found 
[36m(RolloutWorker pid=34334)[0m ERROR: failed to destroy actor 47578 : unable to destroy actor: not found 
[36m(RolloutWorker pid=34334)[0m ERROR: failed to destroy actor 47968 : unable to destroy actor: not found 
[36m(RolloutWorker pid=34334)[0m ERROR: failed to destroy actor 48685 : unable to destroy actor: not found 
[36m(RolloutWorker pid=34334)[0m ERROR: failed to destroy actor 49143 : unable to destroy actor: not found 
[36m(RolloutWorker pid=34334)[0m ERROR: failed to destroy actor 49274 : unable to destroy actor: not found 
[36m(RolloutWorker pid=34334)[0m ERROR: failed to destroy actor 49468 : unable to destroy actor: not found 
[36m(RolloutWorker pid=34334)[0m WARNING: attempting to destroy an actor that is already dead: Actor 49858 (controller.ai.walker) 
[36m(RolloutWorker pid=34334)[0m ERROR: failed to destroy actor 50573 : unable to destroy actor: not found 
[36m(RolloutWorker pid=34334)[0m ERROR: failed to destroy actor 50639 : unable to destroy actor: not found 
[36m(RolloutWorker pid=34334)[0m ERROR: failed to destroy actor 50770 : unable to destroy actor: not found 
[36m(RolloutWorker pid=34334)[0m ERROR: failed to destroy actor 51420 : unable to destroy actor: not found 
[36m(RolloutWorker pid=34334)[0m ERROR: failed to destroy actor 51812 : unable to destroy actor: not found 
[36m(RolloutWorker pid=34334)[0m ERROR: failed to destroy actor 52202 : unable to destroy actor: not found 
[36m(RolloutWorker pid=34334)[0m ERROR: failed to destroy actor 52399 : unable to destroy actor: not found 
[36m(RolloutWorker pid=34334)[0m ERROR: failed to destroy actor 53248 : unable to destroy actor: not found 
[36m(RolloutWorker pid=34334)[0m ERROR: failed to destroy actor 53444 : unable to destroy actor: not found 
[36m(RolloutWorker pid=34334)[0m ERROR: failed to destroy actor 53642 : unable to destroy actor: not found 
[36m(RolloutWorker pid=34334)[0m ERROR: failed to destroy actor 54230 : unable to destroy actor: not found 
[36m(RolloutWorker pid=34334)[0m ERROR: failed to destroy actor 54684 : unable to destroy actor: not found 
[36m(RolloutWorker pid=34334)[0m ERROR: failed to destroy actor 54879 : unable to destroy actor: not found 
[36m(RolloutWorker pid=34334)[0m ERROR: failed to destroy actor 54945 : unable to destroy actor: not found 
[36m(RolloutWorker pid=34334)[0m ERROR: failed to destroy actor 55140 : unable to destroy actor: not found 
[36m(RolloutWorker pid=34334)[0m ERROR: failed to destroy actor 55466 : unable to destroy actor: not found 
[36m(RolloutWorker pid=34334)[0m ERROR: failed to destroy actor 55532 : unable to destroy actor: not found 
[36m(RolloutWorker pid=34334)[0m ERROR: failed to destroy actor 55598 : unable to destroy actor: not found 
[36m(RolloutWorker pid=34334)[0m ERROR: failed to destroy actor 55793 : unable to destroy actor: not found 
[36m(RolloutWorker pid=34334)[0m ERROR: failed to destroy actor 56511 : unable to destroy actor: not found 
[36m(RolloutWorker pid=34334)[0m ERROR: failed to destroy actor 56773 : unable to destroy actor: not found 
[36m(RolloutWorker pid=34334)[0m ERROR: failed to destroy actor 57166 : unable to destroy actor: not found 
[36m(RolloutWorker pid=34334)[0m ERROR: failed to destroy actor 57232 : unable to destroy actor: not found 
[36m(RolloutWorker pid=34334)[0m ERROR: failed to destroy actor 57556 : unable to destroy actor: not found 
[36m(RolloutWorker pid=34334)[0m ERROR: failed to destroy actor 57816 : unable to destroy actor: not found 
[36m(RolloutWorker pid=34334)[0m ERROR: failed to destroy actor 58207 : unable to destroy actor: not found 
[36m(RolloutWorker pid=34334)[0m ERROR: failed to destroy actor 58273 : unable to destroy actor: not found 
[36m(RolloutWorker pid=34334)[0m ERROR: failed to destroy actor 58339 : unable to destroy actor: not found 
[36m(RolloutWorker pid=34334)[0m ERROR: failed to destroy actor 58798 : unable to destroy actor: not found 
[36m(RolloutWorker pid=34334)[0m WARNING: attempting to destroy an actor that is already dead: Actor 58864 (controller.ai.walker) 
[36m(RolloutWorker pid=34334)[0m ERROR: failed to destroy actor 58930 : unable to destroy actor: not found 
[36m(RolloutWorker pid=34334)[0m ERROR: failed to destroy actor 59128 : unable to destroy actor: not found 
[36m(RolloutWorker pid=34334)[0m WARNING: attempting to destroy an actor that is already dead: Actor 59261 (controller.ai.walker) 
[36m(RolloutWorker pid=34334)[0m ERROR: failed to destroy actor 59719 : unable to destroy actor: not found 
[36m(RolloutWorker pid=34334)[0m ERROR: failed to destroy actor 60370 : unable to destroy actor: not found 
[36m(RolloutWorker pid=34334)[0m WARNING: attempting to destroy an actor that is already dead: Actor 60825 (controller.ai.walker) 
[36m(RolloutWorker pid=34334)[0m ERROR: failed to destroy actor 60955 : unable to destroy actor: not found 
[36m(RolloutWorker pid=34334)[0m ERROR: failed to destroy actor 61150 : unable to destroy actor: not found 
[36m(RolloutWorker pid=34334)[0m ERROR: failed to destroy actor 61475 : unable to destroy actor: not found 
[36m(RolloutWorker pid=34334)[0m ERROR: failed to destroy actor 62320 : unable to destroy actor: not found 
[36m(RolloutWorker pid=34334)[0m ERROR: failed to destroy actor 62582 : unable to destroy actor: not found 
[36m(RolloutWorker pid=34334)[0m ERROR: failed to destroy actor 62909 : unable to destroy actor: not found 
[36m(RolloutWorker pid=34334)[0m ERROR: failed to destroy actor 63105 : unable to destroy actor: not found 
[36m(RolloutWorker pid=34334)[0m ERROR: failed to destroy actor 63365 : unable to destroy actor: not found 
[36m(RolloutWorker pid=34334)[0m ERROR: failed to destroy actor 64276 : unable to destroy actor: not found 
[36m(RolloutWorker pid=34334)[0m ERROR: failed to destroy actor 64867 : unable to destroy actor: not found 
[36m(RolloutWorker pid=34334)[0m ERROR: failed to destroy actor 65646 : unable to destroy actor: not found 
[36m(RolloutWorker pid=34334)[0m ERROR: failed to destroy actor 66818 : unable to destroy actor: not found 
[36m(RolloutWorker pid=34334)[0m ERROR: failed to destroy actor 67208 : unable to destroy actor: not found 
[36m(RolloutWorker pid=34334)[0m ERROR: failed to destroy actor 67338 : unable to destroy actor: not found 
[36m(RolloutWorker pid=34334)[0m ERROR: failed to destroy actor 67924 : unable to destroy actor: not found 
[36m(RolloutWorker pid=34334)[0m ERROR: failed to destroy actor 68186 : unable to destroy actor: not found 
[36m(RolloutWorker pid=34334)[0m ERROR: failed to destroy actor 68252 : unable to destroy actor: not found 
[36m(RolloutWorker pid=34334)[0m ERROR: failed to destroy actor 68837 : unable to destroy actor: not found 
[36m(RolloutWorker pid=34334)[0m ERROR: failed to destroy actor 69295 : unable to destroy actor: not found 
[36m(RolloutWorker pid=34334)[0m ERROR: failed to destroy actor 69361 : unable to destroy actor: not found 
[36m(RolloutWorker pid=34334)[0m ERROR: failed to destroy actor 69491 : unable to destroy actor: not found 
[36m(RolloutWorker pid=34334)[0m ERROR: failed to destroy actor 69622 : unable to destroy actor: not found 
[36m(RolloutWorker pid=34334)[0m ERROR: failed to destroy actor 70275 : unable to destroy actor: not found 
[36m(RolloutWorker pid=34334)[0m ERROR: failed to destroy actor 70536 : unable to destroy actor: not found 
[36m(RolloutWorker pid=34334)[0m ERROR: failed to destroy actor 71713 : unable to destroy actor: not found 
[36m(RolloutWorker pid=34334)[0m ERROR: failed to destroy actor 72104 : unable to destroy actor: not found 
[36m(RolloutWorker pid=34334)[0m ERROR: failed to destroy actor 72628 : unable to destroy actor: not found 
[36m(RolloutWorker pid=34334)[0m ERROR: failed to destroy actor 72956 : unable to destroy actor: not found 
[36m(RolloutWorker pid=34334)[0m ERROR: failed to destroy actor 73088 : unable to destroy actor: not found 
[36m(RolloutWorker pid=34334)[0m ERROR: failed to destroy actor 73414 : unable to destroy actor: not found 
[36m(RolloutWorker pid=34334)[0m ERROR: failed to destroy actor 74979 : unable to destroy actor: not found 
[36m(RolloutWorker pid=34334)[0m ERROR: failed to destroy actor 75375 : unable to destroy actor: not found 
[36m(RolloutWorker pid=34334)[0m ERROR: failed to destroy actor 75571 : unable to destroy actor: not found 
[36m(RolloutWorker pid=34334)[0m ERROR: failed to destroy actor 75767 : unable to destroy actor: not found 
[36m(RolloutWorker pid=34334)[0m ERROR: failed to destroy actor 75833 : unable to destroy actor: not found 
[36m(RolloutWorker pid=34334)[0m ERROR: failed to destroy actor 75964 : unable to destroy actor: not found 
[36m(RolloutWorker pid=34334)[0m ERROR: failed to destroy actor 76227 : unable to destroy actor: not found 
[36m(RolloutWorker pid=34334)[0m ERROR: failed to destroy actor 76423 : unable to destroy actor: not found 
[36m(RolloutWorker pid=34334)[0m ERROR: failed to destroy actor 76619 : unable to destroy actor: not found 
[36m(RolloutWorker pid=34334)[0m ERROR: failed to destroy actor 76942 : unable to destroy actor: not found 
[36m(RolloutWorker pid=34334)[0m ERROR: failed to destroy actor 77138 : unable to destroy actor: not found 
[36m(RolloutWorker pid=34334)[0m ERROR: failed to destroy actor 77529 : unable to destroy actor: not found 
[36m(RolloutWorker pid=34334)[0m ERROR: failed to destroy actor 77789 : unable to destroy actor: not found 
[36m(RolloutWorker pid=34334)[0m ERROR: failed to destroy actor 78311 : unable to destroy actor: not found 
[36m(RolloutWorker pid=34334)[0m ERROR: failed to destroy actor 78377 : unable to destroy actor: not found 
[36m(RolloutWorker pid=34334)[0m ERROR: failed to destroy actor 79221 : unable to destroy actor: not found 
[36m(RolloutWorker pid=34334)[0m ERROR: failed to destroy actor 79417 : unable to destroy actor: not found 
[36m(RolloutWorker pid=34334)[0m ERROR: failed to destroy actor 79547 : unable to destroy actor: not found 
[36m(RolloutWorker pid=34334)[0m ERROR: failed to destroy actor 79939 : unable to destroy actor: not found 
[36m(RolloutWorker pid=34334)[0m ERROR: failed to destroy actor 80135 : unable to destroy actor: not found 
[36m(RolloutWorker pid=34334)[0m ERROR: failed to destroy actor 80201 : unable to destroy actor: not found 
[36m(RolloutWorker pid=34334)[0m ERROR: failed to destroy actor 80397 : unable to destroy actor: not found 
[36m(RolloutWorker pid=34334)[0m ERROR: failed to destroy actor 81375 : unable to destroy actor: not found 
[36m(RolloutWorker pid=34334)[0m ERROR: failed to destroy actor 81571 : unable to destroy actor: not found 
[36m(RolloutWorker pid=34334)[0m ERROR: failed to destroy actor 82093 : unable to destroy actor: not found 
[36m(RolloutWorker pid=34334)[0m ERROR: failed to destroy actor 82808 : unable to destroy actor: not found 
[36m(RolloutWorker pid=34334)[0m ERROR: failed to destroy actor 82938 : unable to destroy actor: not found 
[36m(RolloutWorker pid=34334)[0m ERROR: failed to destroy actor 83069 : unable to destroy actor: not found 
[36m(RolloutWorker pid=34334)[0m ERROR: failed to destroy actor 83264 : unable to destroy actor: not found 
[36m(RolloutWorker pid=34334)[0m ERROR: failed to destroy actor 83525 : unable to destroy actor: not found 
[36m(RolloutWorker pid=34334)[0m ERROR: failed to destroy actor 84302 : unable to destroy actor: not found 
[36m(RolloutWorker pid=34334)[0m ERROR: failed to destroy actor 84368 : unable to destroy actor: not found 
[36m(RolloutWorker pid=34334)[0m ERROR: failed to destroy actor 85216 : unable to destroy actor: not found 
[36m(RolloutWorker pid=34334)[0m ERROR: failed to destroy actor 85544 : unable to destroy actor: not found 
[36m(RolloutWorker pid=34334)[0m ERROR: failed to destroy actor 86263 : unable to destroy actor: not found 
[36m(RolloutWorker pid=34334)[0m ERROR: failed to destroy actor 86788 : unable to destroy actor: not found 
[36m(RolloutWorker pid=34334)[0m WARNING: attempting to destroy an actor that is already dead: Actor 86854 (controller.ai.walker) 
[36m(RolloutWorker pid=34334)[0m ERROR: failed to destroy actor 87114 : unable to destroy actor: not found 
[36m(RolloutWorker pid=34334)[0m ERROR: failed to destroy actor 87312 : unable to destroy actor: not found 
[36m(RolloutWorker pid=34334)[0m ERROR: failed to destroy actor 87378 : unable to destroy actor: not found 
[36m(RolloutWorker pid=34334)[0m ERROR: failed to destroy actor 87575 : unable to destroy actor: not found 
[36m(RolloutWorker pid=34334)[0m ERROR: failed to destroy actor 87902 : unable to destroy actor: not found 
